<TicTacToeRib.TicTacToeViewController>, state: appearing, view: <UIView>